Batch root: <repo>/raw/vendor_docs/20260505T040929Z
Hard ceiling: 1500 HTTP calls aggregate
Per-vendor cap: 50 calls
User-Agent: ArgusSourceWorker/0.1 (Phase4 Wave B Step 1 raw fetch; +https://github.com/argus-project)
Vendors: 22 fetch + 1 deferred + 2 skip-documented


=== flock_safety (7 URLs, delay=2.0s) ===
  [   1] robots               200        121B  d52682f1f9d00441  https://www.flocksafety.com/robots.txt
  [   2] sitemap              200     138603B  3a9b1e16a410d7df  https://www.flocksafety.com/sitemap.xml
  [   3] product_landing      200     165881B  347e15f4e5d659cf  https://www.flocksafety.com/products/license-plate-readers
  [   4] product_landing      404      35124B  8f1a7a32de71145e  https://www.flocksafety.com/products/falcon
  [   5] product_landing      200     137439B  3b145a61cc78d9d0  https://www.flocksafety.com/products/raven
  [   6] product_landing      200     137428B  2eb1dd47bd46d150  https://www.flocksafety.com/products/condor
  [   7] product_landing      404      35124B  8f1a7a32de71145e  https://www.flocksafety.com/products/sparrow

=== motorola_solutions_apx (8 URLs, delay=2.0s) ===
  [   8] robots               200       7404B  0911d524200a2f91  https://www.motorolasolutions.com/robots.txt
  [   9] sitemap              200     422015B  cc14d7d9827eeaaf  https://www.motorolasolutions.com/sitemap.xml
  [  10] product_landing      200     906227B  bfba5882e665c3f1  https://www.motorolasolutions.com/en_us/products/two-way-radios/project-25-radios/portable
  [  11] product_landing      404     853853B  5a4f1e32a320cf0f  https://www.motorolasolutions.com/en_us/products/body-cameras/v300-body-camera.html
  [  12] product_landing      404     853853B  6683af00718e359c  https://www.motorolasolutions.com/en_us/products/in-car-video/m500-in-car-video-system.htm
  [  13] product_landing      404     853852B  b4de562778f8777c  https://www.motorolasolutions.com/en_us/products/two-way-radios/project-25-radios/mobile-r
  [  14] product_landing      404     853852B  64420b138bb90f66  https://www.motorolasolutions.com/en_us/products/avigilon-h6a-cameras.html
  [  15] fcc_search          None          0B  e3b0c44298fc1c14  https://apps.fcc.gov/oetcf/eas/reports/GenericSearch.cfm?application_purpose=&grantee_code

=== axon (8 URLs, delay=2.0s) ===
  [  16] robots               200        389B  1ac1c87a2ea0a683  https://www.axon.com/robots.txt
  [  17] sitemap              200     379510B  06cb5bfab3ccff46  https://www.axon.com/sitemap.xml
  [  18] product_landing      200     204224B  a62c9bc389b9798f  https://www.axon.com/products/axon-body-3
  [  19] product_landing      200      62932B  5fd867d0da48d3c6  https://www.axon.com/products/axon-body-4
  [  20] product_landing      200     196228B  a99dd4a524866fe6  https://www.axon.com/products/axon-fleet-3
  [  21] product_landing      200      55272B  54494ce6ef7cab54  https://www.axon.com/products/taser-10
  [  22] product_landing      404      10582B  d1db64ee0d520ee1  https://www.axon.com/products/axon-dock
  [  23] fcc_search          None          0B  e3b0c44298fc1c14  https://apps.fcc.gov/oetcf/eas/reports/GenericSearch.cfm?application_purpose=&grantee_code

=== cradlepoint_docs (8 URLs, delay=2.0s) ===
  [  24] robots               200        440B  1b0a0509bc6b4130  https://docs.cradlepoint.com/robots.txt
  [  25] docs_landing         200       3704B  528cb58ca544f428  https://docs.cradlepoint.com/home
  [  26] product_landing      200     189156B  c9487e94b000d56a  https://www.cradlepoint.com/products/endpoints/
  [  27] product_landing      404      77648B  3d91ad6353968004  https://www.cradlepoint.com/products/endpoints/r1900/
  [  28] product_landing      404     104491B  941ae5025d11e44b  https://www.cradlepoint.com/products/endpoints/e3000/
  [  29] product_landing      404     104496B  e7e8df33fca69593  https://www.cradlepoint.com/products/endpoints/ibr1700/
  [  30] docs_landing         200       3704B  30a1fd5bd9c57883  https://docs.cradlepoint.com/reader/2sQTeQXxs5Q9eEYJBh~vog/Tlhkbo3Tt6F0R8h1Onf7eA
  [  31] fcc_search          None          0B  e3b0c44298fc1c14  https://apps.fcc.gov/oetcf/eas/reports/GenericSearch.cfm?application_purpose=&grantee_code

=== skydio (8 URLs, delay=2.0s) ===
  [  32] robots               200         88B  4b04cd604de2a83d  https://www.skydio.com/robots.txt
  [  33] sitemap              404     605164B  ca321068f3fd6e3d  https://www.skydio.com/sitemap.xml
  [  34] product_landing      200    2246599B  bbde40087a844109  https://www.skydio.com/x10
  [  35] product_landing      200    2106255B  e933d0250da069ad  https://www.skydio.com/x10d
  [  36] product_landing      404     605779B  c3147908f408156e  https://www.skydio.com/x2
  [  37] product_landing      200    1261164B  a3ca6e12b173a3f3  https://www.skydio.com/dock
  [  38] sdk_doc             None          0B  e3b0c44298fc1c14  https://docs.skydio.com/
  [  39] fcc_search          None          0B  e3b0c44298fc1c14  https://apps.fcc.gov/oetcf/eas/reports/GenericSearch.cfm?application_purpose=&grantee_code

=== sierra_wireless (7 URLs, delay=2.0s) ===
  [  40] robots               200        180B  8ccac58755d6e0b5  https://www.sierrawireless.com/robots.txt
  [  41] sitemap              200       3845B  4bd88155c6ff193c  https://www.sierrawireless.com/sitemap_index.xml
  [  42] product_landing      200    1392074B  08d497082b4de975  https://www.sierrawireless.com/products-and-solutions/routers-gateways/
  [  43] product_landing      404     587463B  611a994bfae318e9  https://www.sierrawireless.com/products-and-solutions/routers-gateways/airlink-mp70/
  [  44] product_landing      404     587463B  611a994bfae318e9  https://www.sierrawireless.com/products-and-solutions/routers-gateways/airlink-xr80/
  [  45] product_landing      200     211335B  cadc1ce1aa18de6f  https://www.semtech.com/products/wireless-rf
  [  46] fcc_search          None          0B  e3b0c44298fc1c14  https://apps.fcc.gov/oetcf/eas/reports/GenericSearch.cfm?application_purpose=&grantee_code

=== l3harris (6 URLs, delay=2.0s) ===
  [  47] robots               200       2095B  3fd457fc6c7fe680  https://www.l3harris.com/robots.txt
  [  48] sitemap              200     556095B  bf92fbc0e787512d  https://www.l3harris.com/sitemap.xml
  [  49] product_landing      404      88351B  28a23fd53a175c36  https://www.l3harris.com/all-capabilities/xl-extreme-portable-radio
  [  50] product_landing      404      88348B  c41b3b001ef6cccf  https://www.l3harris.com/all-capabilities/xl-200p-portable-radio
  [  51] product_landing      404      88352B  1101c1b924d5894b  https://www.l3harris.com/all-capabilities/xl-converge-portable-radio
  [  52] product_landing      404      88346B  8e16b05061497789  https://www.l3harris.com/all-capabilities/xl-185m-mobile-radio

=== genetec (6 URLs, delay=2.0s) ===
  [  53] robots               200       3021B  73ce46b4e52b7aac  https://www.genetec.com/robots.txt
  [  54] sitemap              200     130654B  b3412a56ebc142c1  https://www.genetec.com/sitemap.xml
  [  55] product_landing      200      29417B  f34a958afefa48e6  https://www.genetec.com/products/unified-security/security-center
  [  56] product_landing      404      29341B  8e58ec56f5a62e8a  https://www.genetec.com/products/operations/streamvault
  [  57] product_landing      404      29341B  8e58ec56f5a62e8a  https://www.genetec.com/products/license-plate-recognition/autovu
  [  58] product_landing      404      29341B  8e58ec56f5a62e8a  https://www.genetec.com/products/connected-officer/citigraf

=== vigilant_solutions (4 URLs, delay=2.0s) ===
  [  59] robots               200        183B  2805a8b513ce592d  https://www.vigilantsolutions.com/robots.txt
  [  60] product_landing      200     923768B  15d267368524ba0a  https://www.vigilantsolutions.com/
  [  61] product_landing      404     853719B  9322185997973a6b  https://www.motorolasolutions.com/en_us/products/license-plate-recognition.html
  [  62] fcc_search          None          0B  e3b0c44298fc1c14  https://apps.fcc.gov/oetcf/eas/reports/GenericSearch.cfm?application_purpose=&grantee_code

=== avigilon_alta (7 URLs, delay=2.0s) ===
  [  63] robots               200        982B  21be0cee8935fb47  https://www.avigilon.com/robots.txt
  [  64] sitemap              200        879B  b008a5e807ae1eaa  https://www.avigilon.com/sitemap.xml
  [  65] product_landing      200     808872B  4ed5c89a9771662b  https://www.avigilon.com/alta
  [  66] product_landing      404     623498B  3852b848346a90e6  https://www.avigilon.com/alta/products/access-control
  [  67] product_landing      404     623498B  5e05acee9443f542  https://www.avigilon.com/alta/products/video
  [  68] product_landing      404     623499B  6d24098512cf9ca3  https://www.avigilon.com/alta/products/aware
  [  69] fcc_search          None          0B  e3b0c44298fc1c14  https://apps.fcc.gov/oetcf/eas/reports/GenericSearch.cfm?application_purpose=&grantee_code

=== rekor (6 URLs, delay=2.0s) ===
  [  70] robots               200         41B  dee0ffe5b252820b  https://www.rekor.ai/robots.txt
  [  71] sitemap              200      64126B  fc617bbc243e65bb  https://www.rekor.ai/sitemap.xml
  [  72] product_landing      200     132024B  a16d760f18e556e1  https://www.rekor.ai/scout
  [  73] product_landing      200     116527B  085bfb00d8feb8ce  https://www.rekor.ai/discover
  [  74] product_landing      200     100227B  ce5150ad8974930f  https://www.rekor.ai/command
  [  75] product_landing      404       7801B  bac5502055677b10  https://www.rekor.ai/automatic-license-plate-recognition

=== reveal_media (6 URLs, delay=2.0s) ===
  [  76] robots               200        109B  9c3fec47368fa86d  https://www.revealmedia.com/robots.txt
  [  77] sitemap              200       2058B  7affbdf16ff989a4  https://www.revealmedia.com/sitemap.xml
  [  78] product_landing      200     455611B  19b32ad7323898cb  https://www.revealmedia.com/products/d-series
  [  79] product_landing      200     456429B  c4688215ae81c304  https://www.revealmedia.com/products/k-series
  [  80] product_landing      404      17071B  cda23e843bd3173c  https://www.revealmedia.com/products/dems
  [  81] fcc_search          None          0B  e3b0c44298fc1c14  https://apps.fcc.gov/oetcf/eas/reports/GenericSearch.cfm?application_purpose=&grantee_code

=== watchguard (6 URLs, delay=2.0s) ===
  [  82] robots               200       7404B  0911d524200a2f91  https://www.motorolasolutions.com/robots.txt
  [  83] product_landing      404     853718B  ead095ade2619577  https://www.motorolasolutions.com/en_us/products/in-car-video.html
  [  84] product_landing      404     853718B  38fd18d0c9bbbc25  https://www.motorolasolutions.com/en_us/products/in-car-video/v300-body-camera.html
  [  85] product_landing      404     853718B  298173a1f864c189  https://www.motorolasolutions.com/en_us/products/in-car-video/m500-in-car-video-system.htm
  [  86] product_landing      404     853718B  975aa4182810eb08  https://www.motorolasolutions.com/en_us/products/body-cameras/4re-in-car-video-system.html
  [  87] fcc_search          None          0B  e3b0c44298fc1c14  https://apps.fcc.gov/oetcf/eas/reports/GenericSearch.cfm?application_purpose=&grantee_code

=== getac (8 URLs, delay=2.0s) ===
  [  88] robots               200        180B  9f0bf6ce74b722a3  https://www.getac.com/robots.txt
  [  89] sitemap              200        306B  a9fc86cf62d7e202  https://www.getac.com/sitemap.xml
  [  90] product_landing      200     348728B  79c4ec837a5f6527  https://www.getac.com/us/products/laptops/
  [  91] product_landing      200     350352B  1df4706b29de6470  https://www.getac.com/us/products/tablets/
  [  92] product_landing      200     345252B  8e7c28ecf08c4491  https://www.getac.com/us/products/laptops/b360/
  [  93] product_landing      200     367027B  b9b3b6031f667e09  https://www.getac.com/us/products/tablets/k120/
  [  94] fcc_search          None          0B  e3b0c44298fc1c14  https://apps.fcc.gov/oetcf/eas/reports/GenericSearch.cfm?application_purpose=&grantee_code
  [  95] fcc_search          None          0B  e3b0c44298fc1c14  https://apps.fcc.gov/oetcf/eas/reports/GenericSearch.cfm?application_purpose=&grantee_code

=== dji (10 URLs, delay=2.0s) ===
  [  96] robots               200        926B  3bfa5a9c5f17dbc0  https://www.dji.com/robots.txt
  [  97] sitemap              200       5959B  9aab3de368029cab  https://www.dji.com/sitemap.xml
  [  98] product_landing      200     379703B  06e5b67816e1e2da  https://www.dji.com/mavic-3-enterprise/specs
  [  99] product_landing      200     350042B  5d63807c45c1bbf8  https://www.dji.com/matrice-30/specs
  [ 100] product_landing      200        598B  970e2868c9eed813  https://www.dji.com/matrice-300/specs
  [ 101] product_landing      200     355684B  7eb0b0debf4dafb5  https://www.dji.com/dock-2/specs
  [ 102] product_landing      200     145047B  81b4b0e00d479a65  https://www.dji.com/mavic-3-pro/specs
  [ 103] fcc_search          None          0B  e3b0c44298fc1c14  https://apps.fcc.gov/oetcf/eas/reports/GenericSearch.cfm?application_purpose=&grantee_code
  [ 104] fcc_search          None          0B  e3b0c44298fc1c14  https://apps.fcc.gov/oetcf/eas/reports/GenericSearch.cfm?application_purpose=&grantee_code
  [ 105] fcc_search          None          0B  e3b0c44298fc1c14  https://apps.fcc.gov/oetcf/eas/reports/GenericSearch.cfm?application_purpose=&grantee_code

=== parrot (6 URLs, delay=2.0s) ===
  [ 106] robots               200       2012B  0f773ed0e8def5f1  https://www.parrot.com/robots.txt
  [ 107] sitemap              200     905641B  c3fd18d7be18efde  https://www.parrot.com/sitemap.xml
  [ 108] product_landing      200     122979B  8b09928cead98204  https://www.parrot.com/us/drones/anafi-usa
  [ 109] product_landing      200     132396B  18c60132dceb7c8e  https://www.parrot.com/us/drones/anafi-ai
  [ 110] product_landing      404      75999B  91fbbb29208e43f4  https://www.parrot.com/us/drones/anafi
  [ 111] fcc_search          None          0B  e3b0c44298fc1c14  https://apps.fcc.gov/oetcf/eas/reports/GenericSearch.cfm?application_purpose=&grantee_code

=== soundthinking (6 URLs, delay=10.0s) ===
  [ 112] robots               200        229B  aab4f2c5131660f4  https://www.soundthinking.com/robots.txt
  [ 113] sitemap              200       1484B  448af16b4fd68bfa  https://www.soundthinking.com/sitemap_index.xml
  [ 114] product_landing      404     386247B  4e904ec4bebbd65c  https://www.soundthinking.com/law-enforcement/shotspotter/
  [ 115] product_landing      200     561468B  dd091e63caadbe07  https://www.soundthinking.com/law-enforcement/casebuilder/
  [ 116] product_landing      404     386247B  0f551fad859e2836  https://www.soundthinking.com/law-enforcement/safepointe/
  [ 117] fcc_search          None          0B  e3b0c44298fc1c14  https://apps.fcc.gov/oetcf/eas/reports/GenericSearch.cfm?application_purpose=&grantee_code

=== hak5 (7 URLs, delay=2.0s) ===
  [ 118] robots               404        202B  a67780124ac8607d  https://docs.hak5.org/robots.txt
  [ 119] docs_landing         200      38513B  ceb3ca6c5b536d63  https://docs.hak5.org/hak5-docs
  [ 120] docs_landing         200        387B  a34547cec965e4fe  https://docs.hak5.org/wifi-pineapple
  [ 121] docs_landing         200        394B  314816d4fb8a49d1  https://docs.hak5.org/bash-bunny
  [ 122] docs_landing         200        439B  5e89aa58b4b65be9  https://docs.hak5.org/packet-squirrel
  [ 123] docs_landing         200        394B  cd9cb12f35124544  https://docs.hak5.org/lan-turtle
  [ 124] docs_landing         200        379B  1317d5673f53128e  https://docs.hak5.org/key-croc

=== cellebrite (6 URLs, delay=2.0s) ===
  [ 125] robots               200        294B  1da2e78ec94ca609  https://cellebrite.com/robots.txt
  [ 126] sitemap              200       1557B  d4956af8ebcc29e3  https://cellebrite.com/sitemap_index.xml
  [ 127] product_landing      200     234118B  76cef3196c844dca  https://cellebrite.com/en/ufed/
  [ 128] product_landing      200     215327B  4480590fca5c8524  https://cellebrite.com/en/inseyets/
  [ 129] product_landing      200     252844B  c3945d5a8e50e202  https://cellebrite.com/en/premium/
  [ 130] product_landing      200     284510B  1c0bca35537d55fd  https://cellebrite.com/en/responder/

=== magnet_forensics (6 URLs, delay=2.0s) ===
  [ 131] robots               200        181B  9c9e5891db84581a  https://www.magnetforensics.com/robots.txt
  [ 132] sitemap              200       6949B  52756e2985d6a9ee  https://www.magnetforensics.com/sitemap_index.xml
  [ 133] product_landing      200     592111B  14a1b3a6fda421d6  https://www.magnetforensics.com/products/magnet-axiom/
  [ 134] product_landing      200     584934B  5c09c670b5fd9ce7  https://www.magnetforensics.com/products/magnet-graykey/
  [ 135] product_landing      200     491702B  271f01703a6b8bb3  https://www.magnetforensics.com/products/magnet-verakey/
  [ 136] product_landing      200     560408B  2ae6da5419734978  https://www.magnetforensics.com/products/magnet-review/

=== dedrone (7 URLs, delay=2.0s) ===
  [ 137] robots               200        138B  72ec6db579e335dc  https://www.dedrone.com/robots.txt
  [ 138] sitemap              200      34519B  33c7305b52cc29d4  https://www.dedrone.com/sitemap.xml
  [ 139] product_landing      404      10506B  22c90ee63f519b1b  https://www.dedrone.com/products
  [ 140] product_landing      404      10506B  22c90ee63f519b1b  https://www.dedrone.com/products/dedronesensor-rf-360
  [ 141] product_landing      404      10506B  22c90ee63f519b1b  https://www.dedrone.com/products/dedronetracker-ai
  [ 142] product_landing      404      10506B  22c90ee63f519b1b  https://www.dedrone.com/products/dedronedefender
  [ 143] fcc_search          None          0B  e3b0c44298fc1c14  https://apps.fcc.gov/oetcf/eas/reports/GenericSearch.cfm?application_purpose=&grantee_code

=== droneshield (6 URLs, delay=2.0s) ===
  [ 144] robots               200       1510B  f2a04cea0e1d13e9  https://www.droneshield.com/robots.txt
  [ 145] sitemap              200     534644B  ade7ec09a1ede09e  https://www.droneshield.com/sitemap.xml
  [ 146] product_landing      200    1217350B  824bf56fb13eb194  https://www.droneshield.com/products/dronegun-tactical
  [ 147] product_landing      200    1310941B  e6b819a51be55c72  https://www.droneshield.com/products/dronesentry
  [ 148] product_landing      200    1217350B  824bf56fb13eb194  https://www.droneshield.com/products/rfpatrol
  [ 149] product_landing      200     837415B  22a7a62a16f321c4  https://www.droneshield.com/products/dronesentry-x

=== brinc (deferred-ratification first-encounter probe) ===
  [BRINC 0] robots                    status=None err=url_error: [SSL: CERTIFICATE_VERIFY_FAILED] certificate verify failed: Hostname mismatch, certificate is not valid for 'www.brinc.com'. (_ssl.c:1000) bytes=0
  [BRINC 1] primary_host_probe        status=None err=url_error: [SSL: CERTIFICATE_VERIFY_FAILED] certificate verify failed: Hostname mismatch, certificate is not valid for 'www.brinc.com'. (_ssl.c:1000) bytes=0

Manifest written: <repo>/raw/vendor_docs/20260505T040929Z/_manifest.json
Aggregate: 22 vendors fetched, 151 HTTP calls, 38.61 MiB persisted, 14.15 min wall-clock
