14:09:59 === MAC-18 Step 0 discovery run_ts=20260505T140959Z ===
14:09:59 User-Agent: ArgusSourceWorker/0.1 (Phase4 Wave B2 Step 0 discovery; +https://github.com/argus-project)
14:09:59 Hard cap: 80 calls; min spacing: 2.0s
14:09:59 [robots-recheck] droneshield_wayback -> https://web.archive.org/robots.txt
14:09:59 [robots-recheck] dji_cdn -> https://dl.djicdn.com/robots.txt
14:10:02 [robots-recheck] hak5_docs -> https://docs.hak5.org/robots.txt
14:10:04 [robots-recheck] motorolasolutions_dam -> https://www.motorolasolutions.com/robots.txt
14:10:06 [robots-recheck] cradlepoint_customer -> https://customer.cradlepoint.com/robots.txt
14:10:10 [robots-recheck] sierra_source -> https://source.sierrawireless.com/robots.txt
14:10:13 [robots-recheck] fcc_report -> https://fcc.report/robots.txt
14:10:15 [robots-recheck] dji_developer -> https://developer.dji.com/robots.txt
14:10:18 --- DroneShield (SPA -> Wayback) (droneshield_wayback) ---
14:10:22   200    431700B  https://web.archive.org/web/2023/https://www.droneshield.com/products/dronegun-tactical
14:10:27   200    501194B  https://web.archive.org/web/2023/https://www.droneshield.com/products/rfpatrol
14:10:27 --- DJI (DAM PDFs) (dji_dam) ---
14:10:29   403       111B  https://dl.djicdn.com/downloads/Mavic_2/20180823/Mavic_2_User_Manual_v1.0.pdf
14:10:29 --- Hak5 (SDK / docs) (hak5_docs) ---
14:10:31   200       387B  https://docs.hak5.org/wifi-pineapple/
14:10:34   404       202B  https://docs.hak5.org/wifi-pineapple/setup-and-configuration
14:10:34 --- Motorola Solutions (APX DAM PDFs) (motorola_solutions_dam) ---
14:10:36   404    398096B  https://www.motorolasolutions.com/content/dam/msi/docs/apx/apx_4500_user_guide.pdf
14:10:36 --- Cradlepoint (Customer KB) (cradlepoint_kb) ---
14:10:40   None         0B  https://customer.cradlepoint.com/s/article/NCM-Quick-Start
14:10:45   None         0B  https://customer.cradlepoint.com/s/article/Default-Login-Credentials
14:10:45 --- Sierra Wireless (source.sierrawireless.com) (sierra_source) ---
14:10:47   404     77627B  https://source.sierrawireless.com/resources/airlink/software_downloads/
14:10:50   404     77656B  https://source.sierrawireless.com/resources/airlink/software_reference_docs/airlink_oms_ad
14:10:50 --- FCC test reports (active vendor grantees) (fcc_test_reports) ---
14:10:52   200      6074B  https://fcc.report/FCC-ID/2AS9X
14:10:54   200     20671B  https://fcc.report/FCC-ID/UXX
14:10:57   200      6074B  https://fcc.report/FCC-ID/2AGVG
14:10:57 --- SDK / dev portals (public-only) (sdk_dev_portals) ---
14:10:59   200     24039B  https://developer.dji.com/mobile-sdk/
14:11:02   200       379B  https://docs.hak5.org/cloud-c2
14:11:02 === Byte-level keyword/anchor sweep (calls_used=23/80) ===
14:11:02   [droneshield_wayback] files=2 clean_bytes=   550736 ble_kw=0 ssid_kw=1 mac_kw=0 cred_kw=0 uuid_anch=0 mac_anch=0
14:11:02   [dji_dam] files=0 clean_bytes=        0 ble_kw=0 ssid_kw=0 mac_kw=0 cred_kw=0 uuid_anch=0 mac_anch=0
14:11:02   [hak5_docs] files=1 clean_bytes=       66 ble_kw=0 ssid_kw=2 mac_kw=0 cred_kw=0 uuid_anch=0 mac_anch=0
14:11:02   [motorola_solutions_dam] files=0 clean_bytes=        0 ble_kw=0 ssid_kw=0 mac_kw=0 cred_kw=0 uuid_anch=0 mac_anch=0
14:11:02   [cradlepoint_kb] files=0 clean_bytes=        0 ble_kw=0 ssid_kw=0 mac_kw=0 cred_kw=0 uuid_anch=0 mac_anch=0
14:11:02   [sierra_source] files=0 clean_bytes=        0 ble_kw=0 ssid_kw=0 mac_kw=0 cred_kw=0 uuid_anch=0 mac_anch=0
14:11:02   [fcc_test_reports] files=3 clean_bytes=     9011 ble_kw=0 ssid_kw=0 mac_kw=0 cred_kw=0 uuid_anch=0 mac_anch=0
14:11:02   [sdk_dev_portals] files=2 clean_bytes=     3461 ble_kw=0 ssid_kw=0 mac_kw=0 cred_kw=0 uuid_anch=0 mac_anch=0
