Recovery: starting from 72/120 calls used

=== R1: Wayback retry (13 URLs, 6.0s spacing) ===
  [+ 1] product_rfone-mkii   404     151605B  6dfacd4b21b19e09  https://web.archive.org/web/2024/https://www.droneshield.com/products/rfone-mkii
  [+ 2] product_dronenode    404     151604B  2e296acd4eff1bf0  https://web.archive.org/web/2024/https://www.droneshield.com/products/dronenode
  [+ 3] product_wifi_pinea   200     169667B  15d8acccd3380138  https://web.archive.org/web/2024/https://docs.hak5.org/wifi-pineapple
  [+ 4] product_bash_bunny   200     182770B  c713fb9fc918169a  https://web.archive.org/web/2024/https://docs.hak5.org/bash-bunny
  [+ 5] product_usb_rubber   404     151611B  da939fe354961823  https://web.archive.org/web/2024/https://docs.hak5.org/usb-rubber-ducky
  [+ 6] product_cloud_c2     200     132758B  408b6ad90aa585a2  https://web.archive.org/web/2024/https://docs.hak5.org/cloud-c2
  [+ 7] product_lan_turtle   200     151631B  69510e4977d744ef  https://web.archive.org/web/2024/https://docs.hak5.org/lan-turtle
  [+ 8] product_packet_squ   200     148676B  cbd7a6b784a824e0  https://web.archive.org/web/2024/https://docs.hak5.org/packet-squirrel
  [+ 9] product_key_croc     200     222052B  edda748164a9ef44  https://web.archive.org/web/2024/https://docs.hak5.org/key-croc
  [+10] product_shark_jack   200     158513B  5298af2f1a8c49ae  https://web.archive.org/web/2024/https://docs.hak5.org/shark-jack
  [+11] product_screen_cra   200     123219B  06505b4be153a2ec  https://web.archive.org/web/2024/https://docs.hak5.org/screen-crab
  [+12] product_omg_cable    200      84077B  c8411b3cd8af9c99  https://web.archive.org/web/2024/https://docs.hak5.org/omg-cable
  [+13] cdx_search           200          3B  37517e5f3dc66819  https://web.archive.org/cdx/search/cdx?url=customer.cradlepoint.com/s/article*&matchType=p

=== R1b: Cradlepoint KB articles ===

=== R2: apps.fcc.gov EAS GenericSearch (5 grantees) ===
  [+14] eas_search_YJJ      None          0B  e3b0c44298fc1c14  https://apps.fcc.gov/oetcf/eas/reports/GenericSearch.cfm?application_purpose=&grantee_code
  [+15] eas_search_TWV      None          0B  e3b0c44298fc1c14  https://apps.fcc.gov/oetcf/eas/reports/GenericSearch.cfm?application_purpose=&grantee_code
  [+16] eas_search_2AGVG    None          0B  e3b0c44298fc1c14  https://apps.fcc.gov/oetcf/eas/reports/GenericSearch.cfm?application_purpose=&grantee_code
  [+17] eas_search_QYL      None          0B  e3b0c44298fc1c14  https://apps.fcc.gov/oetcf/eas/reports/GenericSearch.cfm?application_purpose=&grantee_code
  [+18] eas_search_UXX      None          0B  e3b0c44298fc1c14  https://apps.fcc.gov/oetcf/eas/reports/GenericSearch.cfm?application_purpose=&grantee_code

=== R3: FCC detail page per grantee (top product code) ===

Recovery complete: 18 new calls (total 90/120). Wall-clock: 325.8s
