[2026-05-05T16:33:55.448705+00:00] MAC-21 Step-0 sample-verify start; out=<repo>/raw/github/20260505T162207Z/_step0_sample
[2026-05-05T16:33:55.448911+00:00] 
=== hak5/usbrubberducky-payloads (Hak5) ===
[2026-05-05T16:33:55.695826+00:00]   README.md: status=200 bytes=22329 mac=0 uuid=0 fcc=13 ssid_kw=0 ble_kw=0 creds_kw=0 pw_literal=0 vendor_prox=100
[2026-05-05T16:33:57.388675+00:00]   payloads/library/wifi/README.md: 404 on master; retry main
[2026-05-05T16:33:59.094302+00:00]   payloads/library/wifi/README.md: status=404 (HTTPError 404)
[2026-05-05T16:34:00.594629+00:00] 
=== dji-sdk/Mobile-SDK-Android (DJI) ===
[2026-05-05T16:34:00.842341+00:00]   README.md: status=200 bytes=8520 mac=0 uuid=0 fcc=0 ssid_kw=0 ble_kw=0 creds_kw=0 pw_literal=0 vendor_prox=63
[2026-05-05T16:34:02.342790+00:00] 
=== cradlepoint/sdk-samples (Cradlepoint) ===
[2026-05-05T16:34:02.631056+00:00]   README.md: status=200 bytes=30072 mac=0 uuid=0 fcc=50 ssid_kw=0 ble_kw=0 creds_kw=0 pw_literal=0 vendor_prox=91
[2026-05-05T16:34:04.131564+00:00] 
=== 0xXyc/flock-you-wifi-recon (Flock Safety) ===
[2026-05-05T16:34:04.345841+00:00]   README.md: status=200 bytes=8078 mac=13 uuid=0 fcc=6 ssid_kw=19 ble_kw=12 creds_kw=0 pw_literal=0 vendor_prox=3
[2026-05-05T16:34:05.846302+00:00] 
=== f1yaw4y/FlockSquawk (Flock Safety) ===
[2026-05-05T16:34:06.078292+00:00]   README.md: status=200 bytes=5361 mac=0 uuid=0 fcc=7 ssid_kw=0 ble_kw=6 creds_kw=0 pw_literal=0 vendor_prox=0
[2026-05-05T16:34:07.580304+00:00] 
MAC-21 Step-0 sample-verify DONE
[2026-05-05T16:34:07.580546+00:00] Aggregate: {'mac_anchored': 13, 'ble_uuid_anchored': 0, 'fcc_id_anchored': 76, 'ssid_kw': 19, 'ble_kw': 18, 'default_creds_kw': 0, 'password_literal_kw': 0, 'byte_count': 74360, 'files_status_200': 5, 'files_total': 6}
