[2026-05-05T16:22:07.586184+00:00] MAC-21 Step-0 discovery start; out=/home/kev/argus/raw/github/20260505T162207Z/_step0
[2026-05-05T16:22:07.586254+00:00] Surface 1: /search/repositories — 34 vendors @ 7.0s spacing
[2026-05-05T16:22:08.491390+00:00]   [ 1/34] Avigilon: 47 total, top 10 captured (rl_remaining=9)
[2026-05-05T16:22:16.125969+00:00]   [ 2/34] Axis Communications: 32 total, top 10 captured (rl_remaining=8)
[2026-05-05T16:22:23.799810+00:00]   [ 3/34] Axon: 6601 total, top 10 captured (rl_remaining=7)
[2026-05-05T16:22:31.784100+00:00]   [ 4/34] Berla: 684 total, top 10 captured (rl_remaining=9)
[2026-05-05T16:22:39.673148+00:00]   [ 5/34] BRINC: 1382 total, top 10 captured (rl_remaining=8)
[2026-05-05T16:22:47.469172+00:00]   [ 6/34] BriefCam: 19 total, top 10 captured (rl_remaining=7)
[2026-05-05T16:22:55.046095+00:00]   [ 7/34] Cellebrite: 94 total, top 10 captured (rl_remaining=6)
[2026-05-05T16:23:02.732553+00:00]   [ 8/34] Clearview AI: 16 total, top 10 captured (rl_remaining=5)
[2026-05-05T16:23:10.337464+00:00]   [ 9/34] Cradlepoint: 84 total, top 10 captured (rl_remaining=4)
[2026-05-05T16:23:18.237748+00:00]   [10/34] Dedrone: 16 total, top 10 captured (rl_remaining=3)
[2026-05-05T16:23:25.447629+00:00]   [11/34] Digital Receiver Technology: 0 total, top 0 captured (rl_remaining=2)
[2026-05-05T16:23:33.258177+00:00]   [12/34] DJI: 9947 total, top 10 captured (rl_remaining=9)
[2026-05-05T16:23:40.973498+00:00]   [13/34] DroneShield: 18 total, top 10 captured (rl_remaining=8)
[2026-05-05T16:23:48.537372+00:00]   [14/34] Engility: 110 total, top 10 captured (rl_remaining=7)
[2026-05-05T16:23:56.114678+00:00]   [15/34] Flock Safety: 22 total, top 10 captured (rl_remaining=6)
[2026-05-05T16:24:03.873068+00:00]   [16/34] Genetec: 126 total, top 10 captured (rl_remaining=5)
[2026-05-05T16:24:11.504223+00:00]   [17/34] Getac: 669 total, top 10 captured (rl_remaining=4)
[2026-05-05T16:24:19.080986+00:00]   [18/34] Hak5: 522 total, top 10 captured (rl_remaining=3)
[2026-05-05T16:24:26.631973+00:00]   [19/34] Harris: 8405 total, top 10 captured (rl_remaining=2)
[2026-05-05T16:24:34.163279+00:00]   [20/34] Jacobs: 6005 total, top 10 captured (rl_remaining=9)
[2026-05-05T16:24:41.710104+00:00]   [21/34] Kenwood: 286 total, top 10 captured (rl_remaining=8)
[2026-05-05T16:24:49.350296+00:00]   [22/34] KeyW: 23596 total, top 10 captured (rl_remaining=7)
[2026-05-05T16:24:57.087254+00:00]   [23/34] L3Harris: 40 total, top 10 captured (rl_remaining=6)
[2026-05-05T16:25:04.647544+00:00]   [24/34] Magnet Forensics: 7 total, top 7 captured (rl_remaining=5)
[2026-05-05T16:25:12.325392+00:00]   [25/34] Motorola Solutions: 50 total, top 10 captured (rl_remaining=9)
[2026-05-05T16:25:19.931101+00:00]   [26/34] Parrot: 10511 total, top 10 captured (rl_remaining=8)
[2026-05-05T16:25:27.598033+00:00]   [27/34] Rekor: 710 total, top 10 captured (rl_remaining=7)
[2026-05-05T16:25:35.159973+00:00]   [28/34] Reveal: 34333 total, top 10 captured (rl_remaining=6)
[2026-05-05T16:25:43.256950+00:00]   [29/34] Septier: 6 total, top 6 captured (rl_remaining=5)
[2026-05-05T16:25:50.948979+00:00]   [30/34] Sierra Wireless: 86 total, top 10 captured (rl_remaining=4)
[2026-05-05T16:25:58.565595+00:00]   [31/34] Skydio: 59 total, top 10 captured (rl_remaining=3)
[2026-05-05T16:26:05.766948+00:00]   [32/34] SoundThinking: 0 total, top 0 captured (rl_remaining=9)
[2026-05-05T16:26:13.005190+00:00]   [33/34] Vigilant Solutions: 0 total, top 0 captured (rl_remaining=8)
[2026-05-05T16:26:20.598391+00:00]   [34/34] WatchGuard: 224 total, top 10 captured (rl_remaining=7)
[2026-05-05T16:26:27.601731+00:00] Wrote per_vendor_repos.json
[2026-05-05T16:26:27.601772+00:00] Surface 2: /search/issues — 34 vendors @ 7.0s spacing
[2026-05-05T16:26:28.524223+00:00]   [ 1/34] Avigilon: 101 total, top 10 captured (rl_remaining=9)
[2026-05-05T16:26:36.341468+00:00]   [ 2/34] Axis Communications: 156 total, top 10 captured (rl_remaining=8)
[2026-05-05T16:26:43.976630+00:00]   [ 3/34] Axon: 12084 total, top 10 captured (rl_remaining=7)
[2026-05-05T16:26:51.594379+00:00]   [ 4/34] Berla: 25 total, top 10 captured (rl_remaining=6)
[2026-05-05T16:26:59.197237+00:00]   [ 5/34] BRINC: 17 total, top 10 captured (rl_remaining=9)
[2026-05-05T16:27:06.650929+00:00]   [ 6/34] BriefCam: 4 total, top 4 captured (rl_remaining=8)
[2026-05-05T16:27:14.498750+00:00]   [ 7/34] Cellebrite: 562 total, top 10 captured (rl_remaining=7)
[2026-05-05T16:27:22.110124+00:00]   [ 8/34] Clearview AI: 152 total, top 10 captured (rl_remaining=6)
[2026-05-05T16:27:29.941542+00:00]   [ 9/34] Cradlepoint: 741 total, top 10 captured (rl_remaining=5)
[2026-05-05T16:27:37.480484+00:00]   [10/34] Dedrone: 12 total, top 10 captured (rl_remaining=4)
[2026-05-05T16:27:45.446043+00:00]   [11/34] Digital Receiver Technology: 8 total, top 8 captured (rl_remaining=3)
[2026-05-05T16:27:53.225771+00:00]   [12/34] DJI: 14958 total, top 10 captured (rl_remaining=2)
[2026-05-05T16:28:01.035653+00:00]   [13/34] DroneShield: 25 total, top 10 captured (rl_remaining=9)
[2026-05-05T16:28:08.712625+00:00]   [14/34] Engility: 13 total, top 10 captured (rl_remaining=9)
[2026-05-05T16:28:16.312381+00:00]   [15/34] Flock Safety: 295 total, top 10 captured (rl_remaining=8)
[2026-05-05T16:28:24.116028+00:00]   [16/34] Genetec: 121 total, top 10 captured (rl_remaining=7)
[2026-05-05T16:28:31.915162+00:00]   [17/34] Getac: 140 total, top 10 captured (rl_remaining=6)
[2026-05-05T16:28:39.490095+00:00]   [18/34] Hak5: 1490 total, top 10 captured (rl_remaining=5)
[2026-05-05T16:28:47.256190+00:00]   [19/34] Harris: 18402 total, top 10 captured (rl_remaining=4)
[2026-05-05T16:28:55.061165+00:00]   [20/34] Jacobs: 4594 total, top 10 captured (rl_remaining=3)
[2026-05-05T16:29:02.691336+00:00]   [21/34] Kenwood: 1022 total, top 10 captured (rl_remaining=8)
[2026-05-05T16:29:10.500620+00:00]   [22/34] KeyW: 626 total, top 10 captured (rl_remaining=9)
[2026-05-05T16:29:18.314990+00:00]   [23/34] L3Harris: 866 total, top 10 captured (rl_remaining=8)
[2026-05-05T16:29:25.900675+00:00]   [24/34] Magnet Forensics: 136 total, top 10 captured (rl_remaining=7)
[2026-05-05T16:29:33.684035+00:00]   [25/34] Motorola Solutions: 559 total, top 10 captured (rl_remaining=6)
[2026-05-05T16:29:41.623417+00:00]   [26/34] Parrot: 21112 total, top 10 captured (rl_remaining=5)
[2026-05-05T16:29:49.192199+00:00]   [27/34] Rekor: 4500 total, top 10 captured (rl_remaining=4)
[2026-05-05T16:29:56.854361+00:00]   [28/34] Reveal: 384010 total, top 10 captured (rl_remaining=3)
[2026-05-05T16:30:04.505703+00:00]   [29/34] Septier: 5 total, top 5 captured (rl_remaining=2)
[2026-05-05T16:30:12.277952+00:00]   [30/34] Sierra Wireless: 394 total, top 10 captured (rl_remaining=9)
[2026-05-05T16:30:20.170198+00:00]   [31/34] Skydio: 352 total, top 10 captured (rl_remaining=8)
[2026-05-05T16:30:27.606687+00:00]   [32/34] SoundThinking: 2 total, top 2 captured (rl_remaining=7)
[2026-05-05T16:30:35.413406+00:00]   [33/34] Vigilant Solutions: 20 total, top 10 captured (rl_remaining=6)
[2026-05-05T16:30:43.164475+00:00]   [34/34] WatchGuard: 776 total, top 10 captured (rl_remaining=5)
[2026-05-05T16:30:50.174779+00:00] Wrote per_vendor_issues.json
[2026-05-05T16:30:50.174986+00:00] Surface 3: vendor org enumeration — 36 probes @ 1.5s spacing
[2026-05-05T16:30:50.435102+00:00]   DJI/dji-sdk: status=200 (rl_remaining=58)
[2026-05-05T16:30:52.143570+00:00]   DJI/dji: status=404 (rl_remaining=57)
[2026-05-05T16:30:53.877880+00:00]   Parrot/Parrot-Developers: status=200 (rl_remaining=56)
[2026-05-05T16:30:55.579828+00:00]   Parrot/ARDroneSDK3: status=404 (rl_remaining=55)
[2026-05-05T16:30:57.276057+00:00]   Hak5/hak5: status=200 (rl_remaining=54)
[2026-05-05T16:30:58.970215+00:00]   Hak5/hak5darren: status=404 (rl_remaining=53)
[2026-05-05T16:31:00.729080+00:00]   Skydio/Skydio: status=200 (rl_remaining=59)
[2026-05-05T16:31:02.482514+00:00]   Sierra Wireless/sierrawireless: status=200 (rl_remaining=58)
[2026-05-05T16:31:04.209521+00:00]   Cradlepoint/cradlepoint: status=200 (rl_remaining=57)
[2026-05-05T16:31:05.905126+00:00]   BRINC/BRINC-Drone: status=404 (rl_remaining=56)
[2026-05-05T16:31:07.654386+00:00]   BRINC/BRINC-Drones: status=200 (rl_remaining=55)
[2026-05-05T16:31:09.384519+00:00]   Cellebrite/cellebrite: status=404 (rl_remaining=59)
[2026-05-05T16:31:11.131680+00:00]   Magnet Forensics/magnetforensics: status=200 (rl_remaining=58)
[2026-05-05T16:31:12.830774+00:00]   Berla/BerlaCorp: status=404 (rl_remaining=57)
[2026-05-05T16:31:14.599303+00:00]   Genetec/Genetec: status=200 (rl_remaining=56)
[2026-05-05T16:31:16.342067+00:00]   Avigilon/avigilon: status=200 (rl_remaining=55)
[2026-05-05T16:31:18.085410+00:00]   Axis Communications/AxisCommunications: status=200 (rl_remaining=54)
[2026-05-05T16:31:19.807207+00:00]   Motorola Solutions/MotorolaSolutions: status=200 (rl_remaining=53)
[2026-05-05T16:31:21.545879+00:00]   L3Harris/L3Harris: status=200 (rl_remaining=52)
[2026-05-05T16:31:23.234266+00:00]   Axon/axon: status=404 (rl_remaining=51)
[2026-05-05T16:31:24.960403+00:00]   DroneShield/DroneShield: status=404 (rl_remaining=50)
[2026-05-05T16:31:26.661867+00:00]   Dedrone/Dedrone: status=404 (rl_remaining=49)
[2026-05-05T16:31:28.418750+00:00]   Flock Safety/FlockSafety: status=200 (rl_remaining=48)
[2026-05-05T16:31:30.122288+00:00]   Flock Safety/flock-safety: status=404 (rl_remaining=47)
[2026-05-05T16:31:31.906779+00:00]   Rekor/RekorAI: status=200 (rl_remaining=52)
[2026-05-05T16:31:33.657395+00:00]   Rekor/RekorSystems: status=404 (rl_remaining=51)
[2026-05-05T16:31:35.392264+00:00]   WatchGuard/WatchGuard: status=200 (rl_remaining=50)
[2026-05-05T16:31:37.087881+00:00]   Reveal/RevealMedia: status=404 (rl_remaining=49)
[2026-05-05T16:31:38.812724+00:00]   Getac/getac: status=404 (rl_remaining=48)
[2026-05-05T16:31:40.519805+00:00]   BriefCam/briefcam: status=200 (rl_remaining=47)
[2026-05-05T16:31:42.232081+00:00]   Clearview AI/clearviewai: status=200 (rl_remaining=46)
[2026-05-05T16:31:43.964271+00:00]   SoundThinking/SoundThinking: status=200 (rl_remaining=45)
[2026-05-05T16:31:45.659930+00:00]   SoundThinking/ShotSpotterInc: status=404 (rl_remaining=44)
[2026-05-05T16:31:47.346112+00:00]   Vigilant Solutions/VigilantSolutions: status=404 (rl_remaining=43)
[2026-05-05T16:31:49.056626+00:00]   Kenwood/kenwood: status=404 (rl_remaining=42)
[2026-05-05T16:31:50.767789+00:00]   Harris/harris: status=404 (rl_remaining=41)
[2026-05-05T16:31:52.268508+00:00] Wrote org_enumeration.json
[2026-05-05T16:31:52.269021+00:00] Wrote _manifest.json — total calls: search_repos=34, search_issues=34, core_orgs=36
[2026-05-05T16:31:52.269047+00:00] MAC-21 Step-0 discovery DONE
